******************************************************************************
                  TI ARM Linker PC v5.0.4                      
******************************************************************************
>> Linked Fri Aug 16 00:56:20 2013

OUTPUT FILE NAME:   <gpio_jtag.out>
ENTRY POINT SYMBOL: "_c_int00"  address: 00001025


MEMORY CONFIGURATION

         name            origin    length      used     unused   attr    fill
----------------------  --------  ---------  --------  --------  ----  --------
  FLASH                 00000000   00040000  0000130e  0003ecf2  R  X
  SRAM                  20000000   00008000  00000247  00007db9  RW X


SEGMENT ALLOCATION MAP

run origin  load origin   length   init length attrs members
----------  ----------- ---------- ----------- ----- -------
00000000    00000000    00001310   00001310    r-x
  00000000    00000000    0000026c   0000026c    r-- .intvecs
  0000026c    0000026c    00000fc0   00000fc0    r-x .text
  0000122c    0000122c    0000009a   0000009a    r-- .const
  000012c8    000012c8    00000048   00000048    r-- .cinit
20000000    20000000    00000200   00000000    rw-
  20000000    20000000    00000200   00000000    rw- .stack
20000200    20000200    00000048   0000003f    rw-
  20000200    20000200    0000003f   0000003f    rw- .data
  20000240    20000240    00000008   00000000    rw- .bss


SECTION ALLOCATION MAP

 output                                  attributes/
section   page    origin      length       input sections
--------  ----  ----------  ----------   ----------------
.intvecs   0    00000000    0000026c     
                  00000000    0000026c     startup_ccs.obj (.intvecs)

.init_array 
*          0    00000000    00000000     UNINITIALIZED

.text      0    0000026c    00000fc0     
                  0000026c    000002dc     uartstdio.obj (.text:UARTvprintf)
                  00000548    0000019c     gpio_jtag.obj (.text:ps2_Dat_Parallel2Serial)
                  000006e4    00000150     gpio_jtag.obj (.text:main)
                  00000834    000000d8     uartstdio.obj (.text:UARTgets)
                  0000090c    000000bc     buttons.obj (.text:ButtonsPoll)
                  000009c8    000000b4     driverlib.lib : sysctl.obj (.text:SysCtlClockGet)
                  00000a7c    000000a4     gpio_jtag.obj (.text:ConfigureInputsGPIO)
                  00000b20    0000009c     rtsv7M4_T_le_v4SPD16_eabi.lib : memcpy_t2.obj (.text)
                  00000bbc    00000094                                   : auto_init.obj (.text)
                  00000c50    00000090     gpio_jtag.obj (.text:Init_PS2_pins)
                  00000ce0    0000007e     rtsv7M4_T_le_v4SPD16_eabi.lib : fd_cmp_t2.obj (.text)
                  00000d5e    00000002     startup_ccs.obj (.text:FaultISR)
                  00000d60    00000074     buttons.obj (.text:ButtonsInit)
                  00000dd4    00000070     gpio_jtag.obj (.text:ps2_pulse_clk_uS)
                  00000e44    0000006c     uartstdio.obj (.text:UARTStdioConfig)
                  00000eb0    00000068     gpio_jtag.obj (.text:ConfigureUART)
                  00000f18    0000005e     rtsv7M4_T_le_v4SPD16_eabi.lib : copy_decompress_rle.obj (.text)
                  00000f76    00000002     startup_ccs.obj (.text:IntDefaultHandler)
                  00000f78    00000058     uartstdio.obj (.text:UARTwrite)
                  00000fd0    00000054     gpio_jtag.obj (.text:pulse_ps2_dat_uS)
                  00001024    00000048     rtsv7M4_T_le_v4SPD16_eabi.lib : boot.obj (.text)
                  0000106c    00000044                                   : cpy_tbl.obj (.text)
                  000010b0    00000042                                   : u_divt2.obj (.text)
                  000010f2    00000002     startup_ccs.obj (.text:NmiSR)
                  000010f4    00000040     rtsv7M4_T_le_v4SPD16_eabi.lib : exit.obj (.text)
                  00001134    00000024     uartstdio.obj (.text:UARTprintf)
                  00001158    00000020     rtsv7M4_T_le_v4SPD16_eabi.lib : u_tofd_t2.obj (.text)
                  00001178    00000018                                   : args_main.obj (.text)
                  00001190    00000014     driverlib.lib : systick.obj (.text:SysTickEnable)
                  000011a4    00000014                   : systick.obj (.text:SysTickIntEnable)
                  000011b8    00000014     rtsv7M4_T_le_v4SPD16_eabi.lib : _lock.obj (.text)
                  000011cc    00000012                                   : copy_zero_init.obj (.text:decompress:ZI)
                  000011de    00000002     --HOLE-- [fill = 0]
                  000011e0    00000010     driverlib.lib : systick.obj (.text:SysTickPeriodSet)
                  000011f0    0000000e     rtsv7M4_T_le_v4SPD16_eabi.lib : copy_decompress_none.obj (.text:decompress:none)
                  000011fe    0000000c     driverlib.lib : cpu.obj (.text:CPUcpsie)
                  0000120a    0000000a                   : interrupt.obj (.text:IntMasterEnable)
                  00001214    00000006     startup_ccs.obj (.text:ResetISR)
                  0000121a    00000006     driverlib.lib : sysctl.obj (.text:SysCtlDelay)
                  00001220    00000006                   : uart.obj (.text:UARTClockSourceSet)
                  00001226    00000006     rtsv7M4_T_le_v4SPD16_eabi.lib : copy_decompress_rle.obj (.text:decompress:rle24)

.const     0    0000122c    0000009a     
                  0000122c    0000006c     driverlib.lib : sysctl.obj (.const:g_pui32Xtals)
                  00001298    0000001c     uartstdio.obj (.const)
                  000012b4    00000012     uartstdio.obj (.const:.string)

.cinit     0    000012c8    00000048     
                  000012c8    0000001d     (.cinit..data.load) [load image, compression = rle]
                  000012e5    00000003     --HOLE-- [fill = 0]
                  000012e8    0000000c     (__TI_handler_table)
                  000012f4    00000004     --HOLE-- [fill = 0]
                  000012f8    00000008     (.cinit..bss.load) [load image, compression = zero_init]
                  00001300    00000010     (__TI_cinit_table)

.stack     0    20000000    00000200     UNINITIALIZED
                  20000000    00000200     --HOLE--

.data      0    20000200    0000003f     
                  20000200    0000001e     gpio_jtag.obj (.data)
                  2000021e    00000002     --HOLE--
                  20000220    00000008     rtsv7M4_T_le_v4SPD16_eabi.lib : _lock.obj (.data)
                  20000228    00000008                                   : exit.obj (.data)
                  20000230    00000005     uartstdio.obj (.data)
                  20000235    00000003     --HOLE--
                  20000238    00000004     rtsv7M4_T_le_v4SPD16_eabi.lib : stkdepth_vars.obj (.data)
                  2000023c    00000003     buttons.obj (.data)

.bss       0    20000240    00000008     UNINITIALIZED
                  20000240    00000008     gpio_jtag.obj (.bss)


LINKER GENERATED COPY TABLES

__TI_cinit_table @ 00001300 records: 2, size/record: 8, table size: 16
	.data: load addr=000012c8, load size=0000001d bytes, run addr=20000200, run size=0000003f bytes, compression=rle
	.bss: load addr=000012f8, load size=00000008 bytes, run addr=20000240, run size=00000008 bytes, compression=zero_init


LINKER GENERATED HANDLER TABLE

__TI_handler_table @ 000012e8 records: 3, size/record: 4, table size: 12
	index: 0, handler: __TI_decompress_rle24
	index: 1, handler: __TI_decompress_none
	index: 2, handler: __TI_zero_init


GLOBAL SYMBOLS: SORTED ALPHABETICALLY BY Name 

address    name
--------   ----
00000d61   ButtonsInit
0000090d   ButtonsPoll
000010f5   C$$EXIT
000011ff   CPUcpsie
00000a7d   ConfigureInputsGPIO
00000eb1   ConfigureUART
20000244   DLY_ENUM_SIZE
20000204   Delay_uS
00000c51   Init_PS2_pins
0000120b   IntMasterEnable
00001215   ResetISR
UNDEFED    SHT$$INIT_ARRAY$$Base
UNDEFED    SHT$$INIT_ARRAY$$Limit
000009c9   SysCtlClockGet
0000121b   SysCtlDelay
00001191   SysTickEnable
000011a5   SysTickIntEnable
000011e1   SysTickPeriodSet
00001221   UARTClockSourceSet
00000e45   UARTStdioConfig
00000835   UARTgets
00001135   UARTprintf
0000026d   UARTvprintf
00000f79   UARTwrite
20000200   __STACK_END
00000200   __STACK_SIZE
20000100   __STACK_TOP
00001300   __TI_CINIT_Base
00001310   __TI_CINIT_Limit
000012e8   __TI_Handler_Table_Base
000012f4   __TI_Handler_Table_Limit
00000001   __TI_args_main
00000bbd   __TI_auto_init
000011f1   __TI_decompress_none
00001227   __TI_decompress_rle24
00000000   __TI_static_base__
000011cd   __TI_zero_init
00000ce1   __aeabi_cdcmpeq
00000ce1   __aeabi_cdcmple
00000b21   __aeabi_memcpy
00000b21   __aeabi_memcpy4
00000b21   __aeabi_memcpy8
00001159   __aeabi_ui2d
000010b1   __aeabi_uidivmod
ffffffff   __binit__
ffffffff   __c_args__
20000000   __stack
00001179   _args_main
00001025   _c_int00
20000228   _cleanup_ptr
2000022c   _dtors_ptr
20000220   _lock
000011c7   _nop
000011bf   _register_lock
000011b9   _register_unlock
20000224   _unlock
000010f9   abort
ffffffff   binit
20000245   bit_stat
0000106d   copy_in
00001101   exit
00000000   g_pfnVectors
20000240   g_ui32Mode
20000201   g_ui8BTNStates
20000200   g_ui8PS2States
2000021d   led_state
000006e5   main
20000238   main_func_sp
00000b21   memcpy
00000549   ps2_Dat_Parallel2Serial
00000dd5   ps2_pulse_clk_uS
00000fd1   pulse_ps2_dat_uS
2000021c   pulse_state


GLOBAL SYMBOLS: SORTED BY Symbol Address 

address    name
--------   ----
00000000   __TI_static_base__
00000000   g_pfnVectors
00000001   __TI_args_main
00000200   __STACK_SIZE
0000026d   UARTvprintf
00000549   ps2_Dat_Parallel2Serial
000006e5   main
00000835   UARTgets
0000090d   ButtonsPoll
000009c9   SysCtlClockGet
00000a7d   ConfigureInputsGPIO
00000b21   __aeabi_memcpy
00000b21   __aeabi_memcpy4
00000b21   __aeabi_memcpy8
00000b21   memcpy
00000bbd   __TI_auto_init
00000c51   Init_PS2_pins
00000ce1   __aeabi_cdcmpeq
00000ce1   __aeabi_cdcmple
00000d61   ButtonsInit
00000dd5   ps2_pulse_clk_uS
00000e45   UARTStdioConfig
00000eb1   ConfigureUART
00000f79   UARTwrite
00000fd1   pulse_ps2_dat_uS
00001025   _c_int00
0000106d   copy_in
000010b1   __aeabi_uidivmod
000010f5   C$$EXIT
000010f9   abort
00001101   exit
00001135   UARTprintf
00001159   __aeabi_ui2d
00001179   _args_main
00001191   SysTickEnable
000011a5   SysTickIntEnable
000011b9   _register_unlock
000011bf   _register_lock
000011c7   _nop
000011cd   __TI_zero_init
000011e1   SysTickPeriodSet
000011f1   __TI_decompress_none
000011ff   CPUcpsie
0000120b   IntMasterEnable
00001215   ResetISR
0000121b   SysCtlDelay
00001221   UARTClockSourceSet
00001227   __TI_decompress_rle24
000012e8   __TI_Handler_Table_Base
000012f4   __TI_Handler_Table_Limit
00001300   __TI_CINIT_Base
00001310   __TI_CINIT_Limit
20000000   __stack
20000100   __STACK_TOP
20000200   __STACK_END
20000200   g_ui8PS2States
20000201   g_ui8BTNStates
20000204   Delay_uS
2000021c   pulse_state
2000021d   led_state
20000220   _lock
20000224   _unlock
20000228   _cleanup_ptr
2000022c   _dtors_ptr
20000238   main_func_sp
20000240   g_ui32Mode
20000244   DLY_ENUM_SIZE
20000245   bit_stat
ffffffff   __binit__
ffffffff   __c_args__
ffffffff   binit
UNDEFED    SHT$$INIT_ARRAY$$Base
UNDEFED    SHT$$INIT_ARRAY$$Limit

[73 symbols]
